// Jest Snapshot v1, https://goo.gl/fbAQLP

exports[`UserDisplay will match snapshot with no name 1`] = `
Object {
  "asFragment": [Function],
  "baseElement": <body>
    <div>
      <tr>
        <td>
          <img
            alt=""
            class="leaderboard-image"
            src="http://avatar.windsor.io/SarahEdo"
          />
          Sarah Edo
        </td>
        <td
          data-testid="answers"
        >
          4
        </td>
        <td
          data-testid="questions"
        >
          2
        </td>
      </tr>
    </div>
  </body>,
  "container": <div>
    <tr>
      <td>
        <img
          alt=""
          class="leaderboard-image"
          src="http://avatar.windsor.io/SarahEdo"
        />
        Sarah Edo
      </td>
      <td
        data-testid="answers"
      >
        4
      </td>
      <td
        data-testid="questions"
      >
        2
      </td>
    </tr>
  </div>,
  "debug": [Function],
  "findAllByAltText": [Function],
  "findAllByDisplayValue": [Function],
  "findAllByLabelText": [Function],
  "findAllByPlaceholderText": [Function],
  "findAllByRole": [Function],
  "findAllByTestId": [Function],
  "findAllByText": [Function],
  "findAllByTitle": [Function],
  "findByAltText": [Function],
  "findByDisplayValue": [Function],
  "findByLabelText": [Function],
  "findByPlaceholderText": [Function],
  "findByRole": [Function],
  "findByTestId": [Function],
  "findByText": [Function],
  "findByTitle": [Function],
  "getAllByAltText": [Function],
  "getAllByDisplayValue": [Function],
  "getAllByLabelText": [Function],
  "getAllByPlaceholderText": [Function],
  "getAllByRole": [Function],
  "getAllByTestId": [Function],
  "getAllByText": [Function],
  "getAllByTitle": [Function],
  "getByAltText": [Function],
  "getByDisplayValue": [Function],
  "getByLabelText": [Function],
  "getByPlaceholderText": [Function],
  "getByRole": [Function],
  "getByTestId": [Function],
  "getByText": [Function],
  "getByTitle": [Function],
  "queryAllByAltText": [Function],
  "queryAllByDisplayValue": [Function],
  "queryAllByLabelText": [Function],
  "queryAllByPlaceholderText": [Function],
  "queryAllByRole": [Function],
  "queryAllByTestId": [Function],
  "queryAllByText": [Function],
  "queryAllByTitle": [Function],
  "queryByAltText": [Function],
  "queryByDisplayValue": [Function],
  "queryByLabelText": [Function],
  "queryByPlaceholderText": [Function],
  "queryByRole": [Function],
  "queryByTestId": [Function],
  "queryByText": [Function],
  "queryByTitle": [Function],
  "rerender": [Function],
  "unmount": [Function],
}
`;
